failed on 011057/011057/011057-2-4.png
failed on 013039/013039/013039-3-4.png
failed on 013039/013039/013039-4-4.png
failed on 017330/017330/017330-4-4.png
failed on 025602/025602/025602-3-4.png
failed on 026643/026643/026643-3-4.png
failed on 027035/027035/027035-1-2.png
failed on 027035/027035/027035-2-3.png
failed on 027035/027035/027035-3-4.png
failed on 030568/030568/030568-1-1.png
failed on 031730/031730/031730-1-4.png
failed on 031730/031730/031730-2-3.png
failed on 031730/031730/031730-7-1.png
failed on 032912/032912/032912-2-4.png
failed on 032998/032998/032998-3-4.png
failed on 033006/033006/033006-4-2.png
failed on 033006/033006/033006-7-1.png
failed on 033006/033006/033006-8-1.png
failed on 039193/039193/039193-5-2.png
failed on 045540/045540/045540-4-2.png
failed on 050647/050647/050647-2-4.png
failed on 050647/050647/050647-3-4.png
failed on 052387/052387/052387-4-4.png
failed on 054226/054226/054226-2-4.png
failed on 054226/054226/054226-5-1.png
failed on 054226/054226/054226-7-1.png
failed on 058672/058672/058672-2-4.png
failed on 058672/058672/058672-2-3.png
failed on 058672/058672/058672-4-4.png
failed on 062062/062062/062062-2-2.png
failed on 062062/062062/062062-3-3.png
failed on 064209/064209/064209-2-2.png
failed on 074661/074661/074661-1-1.png
failed on 074661/074661/074661-2-4.png
failed on 074661/074661/074661-2-1.png
failed on 074661/074661/074661-4-1.png
failed on 074661/074661/074661-5-1.png
failed on 074661/074661/074661-7-1.png
failed on 077014/077014/077014-3-4.png
failed on 079279/079279/079279-1-4.png
failed on 079279/079279/079279-1-1.png
failed on 079279/079279/079279-4-4.png
failed on 087026/087026/087026-3-4.png
failed on 087092/087092/087092-2-4.png
failed on 087092/087092/087092-5-1.png
failed on 087092/087092/087092-6-1.png
failed on 089383/089383/089383-1-2.png
failed on 089383/089383/089383-2-1.png
failed on 091464/091464/091464-1-4.png
failed on 091464/091464/091464-2-4.png
failed on 091535/091535/091535-1-4.png
failed on 094032/094032/094032-2-4.png
failed on 099370/099370/099370-1-4.png
failed on 099370/099370/099370-3-4.png
failed on 099370/099370/099370-4-4.png
failed on 101749/101749/101749-4-4.png
failed on 105104/105104/105104-1-1.png
failed on 105104/105104/105104-4-4.png
failed on 109776/109776/109776-1-4.png
failed on 113646/113646/113646-1-4.png
failed on 113646/113646/113646-3-4.png
failed on 113646/113646/113646-4-4.png
failed on 115326/115326/115326-7-2.png
failed on 122654/122654/122654-1-1.png
failed on 122654/122654/122654-8-1.png
failed on 127945/127945/127945-3-3.png
failed on 129734/129734/129734-1-4.png
failed on 129734/129734/129734-4-3.png
failed on 129734/129734/129734-4-1.png
failed on 129734/129734/129734-6-1.png
failed on v658-209/v658-209/v658-209-3-4.png

failed on 026286/026286/026286-1-2.png
failed on 026286/026286/026286-4-1.png
failed on 027035/027035/027035-2-1.png
failed on 028929/028929/028929-4-1.png
failed on 030568/030568/030568-1-2.png
failed on 030568/030568/030568-3-1.png
failed on 031730/031730/031730-2-1.png
failed on 031730/031730/031730-5-1.png
failed on 032942/032942/032942-2-1.png
failed on 036998/036998/036998-2-1.png
failed on 037053/037053/037053-1-4.png
failed on 039193/039193/039193-2-1.png
failed on 039193/039193/039193-4-1.png
failed on 045540/045540/045540-4-1.png
failed on 054407/054407/054407-4-1.png
failed on 058573/058573/058573-2-1.png
failed on 058573/058573/058573-4-1.png
failed on 058591/058591/058591-3-1.png
failed on 058591/058591/058591-5-1.png
failed on 079279/079279/079279-2-1.png
failed on 080564/080564/080564-1-2.png
failed on 080564/080564/080564-2-1.png
failed on 087092/087092/087092-1-2.png
failed on 087092/087092/087092-2-1.png
failed on 087092/087092/087092-4-1.png
failed on 087092/087092/087092-5-1.png
failed on 088704/088704/088704-1-4.png
failed on 088704/088704/088704-4-1.png
failed on 096256/096256/096256-2-2.png
failed on 096256/096256/096256-2-1.png
failed on 105104/105104/105104-4-2.png
failed on 109712/109712/109712-2-2.png
failed on 109712/109712/109712-2-1.png
failed on 109712/109712/109712-3-1.png
failed on 109712/109712/109712-4-1.png
failed on 111998/111998/111998-1-4.png
failed on 111998/111998/111998-2-1.png
